// Jest Snapshot v1, https://goo.gl/fbAQLP

exports[`test en componente <AddCategory /> should snapshot match 1`] = `
<Fragment>
  <form
    onSubmit={[Function]}
  >
    <p />
    <input
      onChange={[Function]}
      type="text"
      value=""
    />
  </form>
</Fragment>
`;
